
> rose-app@0.1.0 dev
> next dev

Ôû▓ Next.js 16.2.6 (Turbopack)
- Local:         http://localhost:3000
- Network:       http://192.168.100.6:3000
- Environments: .env.local
Ô£ô Ready in 969ms
ÔÜá Slow filesystem detected. The benchmark took 254ms. If E:\Courses\Projects\rose-app\rose-app\rose-app\.next/dev is a network drive, consider moving it to a local folder.
See more: https://nextjs.org/docs/app/guides/local-development
Ôùï Compiling proxy ...

Ôùï Compiling /[locale] ...
 GET /en 200 in 10.4s (next.js: 8.7s, proxy.ts: 16ms, application-code: 1648ms)
 GET /en 200 in 40s (next.js: 37.5s, proxy.ts: 42ms, application-code: 2.5s)
 GET /api/auth/session 200 in 3.6s (next.js: 3.5s, application-code: 42ms)
 GET /api/auth/session 200 in 66ms (next.js: 36ms, application-code: 31ms)
 GET /api/auth/session 200 in 26ms (next.js: 12ms, application-code: 14ms)
 GET /api/auth/session 200 in 30ms (next.js: 17ms, application-code: 13ms)
 GET /api/auth/session 200 in 29ms (next.js: 13ms, application-code: 16ms)
 GET /api/auth/session 200 in 37ms (next.js: 24ms, application-code: 13ms)
 GET /api/auth/session 200 in 26ms (next.js: 12ms, application-code: 14ms)
 GET /api/auth/session 200 in 42ms (next.js: 27ms, application-code: 15ms)
 GET /api/auth/session 200 in 21ms (next.js: 7ms, application-code: 14ms)
 GET /api/auth/session 200 in 46ms (next.js: 32ms, application-code: 14ms)
 GET /api/auth/session 200 in 15ms (next.js: 5ms, application-code: 11ms)
 GET /api/auth/session 200 in 78ms (next.js: 60ms, application-code: 17ms)
 GET /api/auth/session 200 in 26ms (next.js: 14ms, application-code: 12ms)
 GET /api/auth/session 200 in 37ms (next.js: 25ms, application-code: 12ms)
 GET /api/auth/session 200 in 37ms (next.js: 25ms, application-code: 12ms)
 GET /api/auth/session 200 in 24ms (next.js: 12ms, application-code: 11ms)
 GET /en/cart 200 in 2.9s (next.js: 2.8s, proxy.ts: 21ms, application-code: 97ms)
 GET /api/auth/session 200 in 63ms (next.js: 26ms, application-code: 37ms)
 GET /api/auth/session 200 in 27ms (next.js: 13ms, application-code: 14ms)
 GET /api/auth/session 200 in 23ms (next.js: 7ms, application-code: 15ms)
 GET /api/auth/session 200 in 34ms (next.js: 21ms, application-code: 12ms)
 GET /api/auth/session 200 in 27ms (next.js: 13ms, application-code: 14ms)
 GET /api/auth/session 200 in 16ms (next.js: 5ms, application-code: 11ms)
 GET /api/auth/session 200 in 17ms (next.js: 6ms, application-code: 10ms)
 GET /api/auth/session 200 in 33ms (next.js: 22ms, application-code: 11ms)
 GET /api/auth/session 200 in 17ms (next.js: 5ms, application-code: 12ms)
 GET /api/auth/session 200 in 59ms (next.js: 47ms, application-code: 13ms)
 GET /api/auth/session 200 in 127ms (next.js: 111ms, application-code: 16ms)
 GET /api/auth/session 200 in 95ms (next.js: 11ms, application-code: 84ms)
[browser] Image with src "http://localhost:3000/images/cart.png" has either width or height modified, but not the other. If you use CSS to change the size of your image, also include the styles 'width: "auto"' or 'height: "auto"' to maintain the aspect ratio.
 GET /api/auth/session 200 in 67ms (next.js: 42ms, application-code: 24ms)
 GET /api/auth/session 200 in 20ms (next.js: 12ms, application-code: 8ms)
 GET /en/products 200 in 1237ms (next.js: 1146ms, proxy.ts: 15ms, application-code: 76ms)
 GET /api/auth/session 200 in 68ms (next.js: 44ms, application-code: 24ms)
 GET /api/auth/session 200 in 28ms (next.js: 11ms, application-code: 17ms)
 GET /api/auth/session 200 in 22ms (next.js: 5ms, application-code: 17ms)
 GET /api/auth/session 200 in 28ms (next.js: 11ms, application-code: 17ms)
 GET /api/auth/session 200 in 15ms (next.js: 7ms, application-code: 8ms)
 GET /api/auth/session 200 in 19ms (next.js: 6ms, application-code: 12ms)
 GET /api/auth/session 200 in 15ms (next.js: 5ms, application-code: 10ms)
 GET /api/auth/session 200 in 37ms (next.js: 25ms, application-code: 12ms)
 GET /api/auth/session 200 in 59ms (next.js: 31ms, application-code: 28ms)
 GET /api/auth/session 200 in 22ms (next.js: 11ms, application-code: 12ms)
 GET /en/products?page=1&occasion=69d988734461df0f939b57f9 200 in 293ms (next.js: 172ms, proxy.ts: 19ms, application-code: 102ms)
 GET /api/auth/session 200 in 42ms (next.js: 26ms, application-code: 15ms)
 GET /api/auth/session 200 in 28ms (next.js: 14ms, application-code: 14ms)
 GET /en/cart 200 in 111ms (next.js: 23ms, proxy.ts: 12ms, application-code: 76ms)
 GET /api/auth/session 200 in 40ms (next.js: 26ms, application-code: 14ms)
 GET /api/auth/session 200 in 15ms (next.js: 4ms, application-code: 11ms)
 GET /api/auth/session 200 in 15ms (next.js: 4ms, application-code: 11ms)
 GET /api/auth/session 200 in 20ms (next.js: 5ms, application-code: 15ms)
 GET /api/auth/session 200 in 54ms (next.js: 16ms, application-code: 39ms)
 GET /api/auth/session 200 in 32ms (next.js: 8ms, application-code: 24ms)
 GET /api/auth/session 200 in 28ms (next.js: 16ms, application-code: 12ms)
 GET /api/auth/session 200 in 16ms (next.js: 4ms, application-code: 11ms)
 GET /en/login 200 in 1372ms (next.js: 1145ms, proxy.ts: 13ms, application-code: 213ms)
[browser] Image with src "http://localhost:3000/svgs/separator-2.svg" has either width or height modified, but not the other. If you use CSS to change the size of your image, also include the styles 'width: "auto"' or 'height: "auto"' to maintain the aspect ratio.
 GET /api/auth/session 200 in 39ms (next.js: 20ms, application-code: 19ms)
 GET /api/auth/session 200 in 28ms (next.js: 10ms, application-code: 18ms)
 GET /api/auth/session 200 in 23ms (next.js: 6ms, application-code: 17ms)
 GET /api/auth/session 200 in 20ms (next.js: 4ms, application-code: 16ms)
 GET /api/auth/session 200 in 14ms (next.js: 4ms, application-code: 10ms)
 GET /api/auth/session 200 in 15ms (next.js: 6ms, application-code: 9ms)
 GET /api/auth/session 200 in 15ms (next.js: 4ms, application-code: 11ms)
 GET /api/auth/session 200 in 13ms (next.js: 4ms, application-code: 9ms)
 GET /api/auth/session 200 in 25ms (next.js: 10ms, application-code: 15ms)
 GET /api/auth/session 200 in 15ms (next.js: 5ms, application-code: 10ms)
 GET /api/auth/session 200 in 55ms (next.js: 39ms, application-code: 16ms)
 GET /api/auth/session 200 in 23ms (next.js: 6ms, application-code: 17ms)
 GET /en/login 200 in 183ms (next.js: 20ms, proxy.ts: 11ms, application-code: 152ms)
 GET /api/auth/session 200 in 41ms (next.js: 18ms, application-code: 22ms)
 GET /api/auth/session 200 in 25ms (next.js: 8ms, application-code: 17ms)
 GET /api/auth/session 200 in 26ms (next.js: 13ms, application-code: 13ms)
 GET /api/auth/session 200 in 19ms (next.js: 4ms, application-code: 14ms)
 GET /api/auth/session 200 in 14ms (next.js: 3ms, application-code: 10ms)
 GET /api/auth/session 200 in 19ms (next.js: 5ms, application-code: 14ms)
 GET /api/auth/session 200 in 18ms (next.js: 9ms, application-code: 9ms)
 GET /api/auth/session 200 in 18ms (next.js: 8ms, application-code: 10ms)
 GET /api/auth/session 200 in 36ms (next.js: 16ms, application-code: 20ms)
 GET /api/auth/session 200 in 25ms (next.js: 7ms, application-code: 17ms)
 GET /api/auth/session 200 in 93ms (next.js: 54ms, application-code: 38ms)
 GET /api/auth/session 200 in 26ms (next.js: 14ms, application-code: 12ms)
